
> Configure project :app
ksp-2.1.21-2.0.1 is too old for kotlin-2.2.0. Please upgrade ksp or downgrade kotlin-gradle-plugin to 2.1.21.
ksp-2.1.21-2.0.1 is too old for kotlin-2.2.0. Please upgrade ksp or downgrade kotlin-gradle-plugin to 2.1.21.
ksp-2.1.21-2.0.1 is too old for kotlin-2.2.0. Please upgrade ksp or downgrade kotlin-gradle-plugin to 2.1.21.
ksp-2.1.21-2.0.1 is too old for kotlin-2.2.0. Please upgrade ksp or downgrade kotlin-gradle-plugin to 2.1.21.
ksp-2.1.21-2.0.1 is too old for kotlin-2.2.0. Please upgrade ksp or downgrade kotlin-gradle-plugin to 2.1.21.
ksp-2.1.21-2.0.1 is too old for kotlin-2.2.0. Please upgrade ksp or downgrade kotlin-gradle-plugin to 2.1.21.
ksp-2.1.21-2.0.1 is too old for kotlin-2.2.0. Please upgrade ksp or downgrade kotlin-gradle-plugin to 2.1.21.
ksp-2.1.21-2.0.1 is too old for kotlin-2.2.0. Please upgrade ksp or downgrade kotlin-gradle-plugin to 2.1.21.
ksp-2.1.21-2.0.1 is too old for kotlin-2.2.0. Please upgrade ksp or downgrade kotlin-gradle-plugin to 2.1.21.
ksp-2.1.21-2.0.1 is too old for kotlin-2.2.0. Please upgrade ksp or downgrade kotlin-gradle-plugin to 2.1.21.

> Task :app:checkKotlinGradlePluginConfigurationErrors SKIPPED
> Task :app:preBuild UP-TO-DATE
> Task :app:preDebugBuild UP-TO-DATE
> Task :app:generateDebugBuildConfig UP-TO-DATE
> Task :app:checkDebugAarMetadata UP-TO-DATE
> Task :app:generateDebugResValues UP-TO-DATE
> Task :app:mapDebugSourceSetPaths UP-TO-DATE
> Task :app:generateDebugResources UP-TO-DATE
> Task :app:mergeDebugResources UP-TO-DATE
> Task :app:packageDebugResources UP-TO-DATE
> Task :app:parseDebugLocalResources UP-TO-DATE
> Task :app:createDebugCompatibleScreenManifests UP-TO-DATE
> Task :app:extractDeepLinksDebug UP-TO-DATE
> Task :app:processDebugMainManifest UP-TO-DATE
> Task :app:processDebugManifest UP-TO-DATE
> Task :app:processDebugManifestForPackage UP-TO-DATE
> Task :app:processDebugResources UP-TO-DATE
> Task :app:kspDebugKotlin UP-TO-DATE

> Task :app:compileDebugKotlin FAILED
.\gradlew : e: file:///D:/CursoKotlin/xbizwork-app-android/app/src/main/java/com/br/xbizitwork/data/mappers/AuthMappers.kt:56:5 Unresolved reference 'SignInResponse'.
No linha:1 caractere:1
+ .\gradlew compileDebugKotlin 2>&1 > test.log ; cat test.log | tail -1 ...
+ ~~~~~~~~~~~~~~~~~~~~~~~~~~~~~~~~~~~~~~~~~~~~
    + CategoryInfo          : NotSpecified: (e: file:///D:/C...ignInResponse'.:String) [], RemoteException
    + FullyQualifiedErrorId : NativeCommandError
 
e: file:///D:/CursoKotlin/xbizwork-app-android/app/src/main/java/com/br/xbizitwork/data/mappers/AuthMappers.kt:58:16 Unresolved reference 'name'.
e: file:///D:/CursoKotlin/xbizwork-app-android/app/src/main/java/com/br/xbizitwork/data/mappers/AuthMappers.kt:59:17 Unresolved reference 'email'.
e: file:///D:/CursoKotlin/xbizwork-app-android/app/src/main/java/com/br/xbizitwork/data/mappers/AuthMappers.kt:60:17 Unresolved reference 'token'.
e: file:///D:/CursoKotlin/xbizwork-app-android/app/src/main/java/com/br/xbizitwork/data/mappers/AuthMappers.kt:61:24 Unresolved reference 'isSuccessful'.
e: file:///D:/CursoKotlin/xbizwork-app-android/app/src/main/java/com/br/xbizitwork/data/mappers/AuthMappers.kt:62:19 Unresolved reference 'message'.
e: file:///D:/CursoKotlin/xbizwork-app-android/app/src/main/java/com/br/xbizitwork/data/repository/auth/UserAuthRepositoryImpl.kt:4:39 Unresolved reference 'toDomainResult'.
e: file:///D:/CursoKotlin/xbizwork-app-android/app/src/main/java/com/br/xbizitwork/data/repository/auth/UserAuthRepositoryImpl.kt:52:54 Unresolved reference 'toDomainResult'.

FAILURE: Build failed with an exception.

* What went wrong:
Execution failed for task ':app:compileDebugKotlin'.
> A failure occurred while executing org.jetbrains.kotlin.compilerRunner.GradleCompilerRunnerWithWorkers$GradleKotlinCompilerWorkAction
   > Compilation error. See log for more details

* Try:
> Run with --stacktrace option to get the stack trace.
> Run with --info or --debug option to get more log output.
> Run with --scan to get full insights.
> Get more help at https://help.gradle.org.

BUILD FAILED in 5s
16 actionable tasks: 1 executed, 15 up-to-date
